Microsoft Windows [Version 10.0.26100.2454]
(c) Microsoft Corporation. All rights reserved.

C:\Users\noname>git
usage: git [-v | --version] [-h | --help] [-C <path>] [-c <name>=<value>]
           [--exec-path[=<path>]] [--html-path] [--man-path] [--info-path]
           [-p | --paginate | -P | --no-pager] [--no-replace-objects] [--no-lazy-fetch]
           [--no-optional-locks] [--no-advice] [--bare] [--git-dir=<path>]
           [--work-tree=<path>] [--namespace=<name>] [--config-env=<name>=<envvar>]
           <command> [<args>]

These are common Git commands used in various situations:

start a working area (see also: git help tutorial)
   clone      Clone a repository into a new directory
   init       Create an empty Git repository or reinitialize an existing one

work on the current change (see also: git help everyday)
   add        Add file contents to the index
   mv         Move or rename a file, a directory, or a symlink
   restore    Restore working tree files
   rm         Remove files from the working tree and from the index

examine the history and state (see also: git help revisions)
   bisect     Use binary search to find the commit that introduced a bug
   diff       Show changes between commits, commit and working tree, etc
   grep       Print lines matching a pattern
   log        Show commit logs
   show       Show various types of objects
   status     Show the working tree status

grow, mark and tweak your common history
   backfill   Download missing objects in a partial clone
   branch     List, create, or delete branches
   commit     Record changes to the repository
   merge      Join two or more development histories together
   rebase     Reapply commits on top of another base tip
   reset      Reset current HEAD to the specified state
   switch     Switch branches
   tag        Create, list, delete or verify a tag object signed with GPG

collaborate (see also: git help workflows)
   fetch      Download objects and refs from another repository
   pull       Fetch from and integrate with another repository or a local branch
   push       Update remote refs along with associated objects

'git help -a' and 'git help -g' list available subcommands and some
concept guides. See 'git help <command>' or 'git help <concept>'
to read about a specific subcommand or concept.
See 'git help git' for an overview of the system.

C:\Users\noname>git config --global user.name lenin1050

C:\Users\noname>git config --global user.emaillenink1050.sse@saveetha.com

C:\Users\noname>git clonehttps://github.com/lenin1050/ahren.git
git: 'clonehttps://github.com/lenin1050/ahren.git' is not a git command. See 'git --help'.

C:\Users\noname>4.git clone https://github.com/lenin1050/ahren.git
'4.git' is not recognized as an internal or external command,
operable program or batch file.

C:\Users\noname>git clone https://github.com/lenin1050/ahren.git
Cloning into 'ahren'...
remote: Enumerating objects: 3, done.
remote: Counting objects: 100% (3/3), done.
remote: Total 3 (delta 0), reused 0 (delta 0), pack-reused 0 (from 0)
Receiving objects: 100% (3/3), done.

C:\Users\noname>cd ahren

C:\Users\noname\ahren>git add .

C:\Users\noname\ahren>git commit -m "no changes"
[main b2207a5] no changes
 1 file changed, 1 insertion(+)
 create mode 100644 print(1).py

C:\Users\noname\ahren>a. git push
'a.' is not recognized as an internal or external command,
operable program or batch file.

C:\Users\noname\ahren> a.git push
'a.git' is not recognized as an internal or external command,
operable program or batch file.

C:\Users\noname\ahren>git.push
'git.push' is not recognized as an internal or external command,
operable program or batch file.

C:\Users\noname\ahren>tohttps://github.com/lenin1050/ahren.git
'tohttps:' is not recognized as an internal or external command,
operable program or batch file.

C:\Users\noname\ahren>to https://github.com/lenin1050/ahren.git
'to' is not recognized as an internal or external command,
operable program or batch file.

C:\Users\noname\ahren> a. git push
'a.' is not recognized as an internal or external command,
operable program or batch file.

C:\Users\noname\ahren>a. git push
'a.' is not recognized as an internal or external command,
operable program or batch file.

C:\Users\noname\ahren>git push -u origin main
info: please complete authentication in your browser...
Enumerating objects: 4, done.
Counting objects: 100% (4/4), done.
Delta compression using up to 16 threads
Compressing objects: 100% (2/2), done.
Writing objects: 100% (3/3), 288 bytes | 288.00 KiB/s, done.
Total 3 (delta 0), reused 0 (delta 0), pack-reused 0 (from 0)
To https://github.com/lenin1050/ahren.git
   fbc011e..b2207a5  main -> main
branch 'main' set up to track 'origin/main'.

C:\Users\noname\ahren>
C:\Users\noname\ahren>git checkout
Your branch is up to date with 'origin/main'.

C:\Users\noname\ahren>git checkout -b ahrenabishek
Switched to a new branch 'ahrenabishek'

C:\Users\noname\ahren>git push origin ahrenabishek
Total 0 (delta 0), reused 0 (delta 0), pack-reused 0 (from 0)
remote:
remote: Create a pull request for 'ahrenabishek' on GitHub by visiting:
remote:      https://github.com/lenin1050/ahren/pull/new/ahrenabishek
remote:
To https://github.com/lenin1050/ahren.git
 * [new branch]      ahrenabishek -> ahrenabishek

C:\Users\noname\ahren>git status
On branch ahrenabishek
nothing to commit, working tree clean

C:\Users\noname\ahren>git branch
* ahrenabishek
  main

C:\Users\noname\ahren>git checkout -b docker
Switched to a new branch 'docker'

C:\Users\noname\ahren>git branch
  ahrenabishek
* docker
  main

C:\Users\noname\ahren>git push origin docker
Total 0 (delta 0), reused 0 (delta 0), pack-reused 0 (from 0)
remote:
remote: Create a pull request for 'docker' on GitHub by visiting:
remote:      https://github.com/lenin1050/ahren/pull/new/docker
remote:
To https://github.com/lenin1050/ahren.git
 * [new branch]      docker -> docker

C:\Users\noname\ahren>git add .

C:\Users\noname\ahren>git commit -m "first change"
On branch docker
nothing to commit, working tree clean

C:\Users\noname\ahren>git commit -m "first change"
On branch docker
nothing to commit, working tree clean

C:\Users\noname\ahren>
